\BOOKMARK [0][-]{chapter.1}{Introduction}{}% 1
\BOOKMARK [1][-]{section.1.1}{Motivation}{chapter.1}% 2
\BOOKMARK [1][-]{section.1.2}{Problem\040Statement}{chapter.1}% 3
\BOOKMARK [1][-]{section.1.3}{Research\040Questions}{chapter.1}% 4
\BOOKMARK [1][-]{section.1.4}{Revision\040Focus}{chapter.1}% 5
\BOOKMARK [1][-]{section.1.5}{Objectives\040and\040Contributions}{chapter.1}% 6
\BOOKMARK [2][-]{subsection.1.5.1}{Research\040Objectives:}{section.1.5}% 7
\BOOKMARK [2][-]{subsection.1.5.2}{Expected\040Contributions:}{section.1.5}% 8
\BOOKMARK [1][-]{section.1.6}{Thesis\040Structure}{chapter.1}% 9
\BOOKMARK [0][-]{chapter.2}{Related\040Works}{}% 10
\BOOKMARK [1][-]{section.2.1}{\040Corporate\040Sustainability\040Reporting\040and\040the\040Greenwashing\040Challenge}{chapter.2}% 11
\BOOKMARK [2][-]{subsection.2.1.1}{\040The\040Technical\040Complexity\040of\040ESG\040Disclosures}{section.2.1}% 12
\BOOKMARK [2][-]{subsection.2.1.2}{\040NLP\040Frameworks\040for\040Greenwashing\040Detection}{section.2.1}% 13
\BOOKMARK [2][-]{subsection.2.1.3}{\040Aspect-Action\040Analysis\040and\040Semantic\040Inconsistency}{section.2.1}% 14
\BOOKMARK [2][-]{subsection.2.1.4}{\040Monitoring\040Systems\040and\040Empirical\040Testing}{section.2.1}% 15
\BOOKMARK [2][-]{subsection.2.1.5}{Technical\040Limitations:\040The\040"Soft\040Language"\040Problem}{section.2.1}% 16
\BOOKMARK [2][-]{subsection.2.1.6}{Table:\040State-of-the-Art\040in\040NLP-Driven\040ESG\040and\040Greenwashing\040Analysis}{section.2.1}% 17
\BOOKMARK [1][-]{section.2.2}{\040Evolution\040of\040NLP\040in\040Sustainability\040Analysis}{chapter.2}% 18
\BOOKMARK [2][-]{subsection.2.2.1}{Dictionary-Based\040and\040Statistical\040Foundations}{section.2.2}% 19
\BOOKMARK [2][-]{subsection.2.2.2}{The\040Transformer\040Revolution\040and\040Contextual\040Embeddings}{section.2.2}% 20
\BOOKMARK [2][-]{subsection.2.2.3}{\040Domain-Specific\040Specialization:\040The\040Rise\040of\040ClimateBERT}{section.2.2}% 21
\BOOKMARK [2][-]{subsection.2.2.4}{\040Large\040Language\040Models\040and\040Generative\040Extraction}{section.2.2}% 22
\BOOKMARK [2][-]{subsection.2.2.5}{Table:\040State-of-the-Art\040in\040the\040Evolution\040of\040NLP\040for\040Sustainability}{section.2.2}% 23
\BOOKMARK [1][-]{section.2.3}{Large\040Language\040Models\040for\040Structured\040ESG\040Extraction}{chapter.2}% 24
\BOOKMARK [2][-]{subsection.2.3.1}{From\040Classification\040to\040Schema-Based\040Extraction}{section.2.3}% 25
\BOOKMARK [2][-]{subsection.2.3.2}{Prompt\040Engineering\040and\040In-Context\040Learning}{section.2.3}% 26
\BOOKMARK [2][-]{subsection.2.3.3}{Aspect-Action\040Linkage\040and\040Semantic\040Mapping}{section.2.3}% 27
\BOOKMARK [2][-]{subsection.2.3.4}{\040Domain-Specific\040vs.\040General\040LLMs}{section.2.3}% 28
\BOOKMARK [2][-]{subsection.2.3.5}{Technical\040Risks:\040Hallucinations\040and\040Grounding}{section.2.3}% 29
\BOOKMARK [1][-]{section.2.4}{\040Data\040Gaps\040and\040Benchmark\040Design}{chapter.2}% 30
\BOOKMARK [2][-]{subsection.2.4.1}{Identifying\040Technical\040Data\040Gaps\040in\040Sustainability}{section.2.4}% 31
\BOOKMARK [2][-]{subsection.2.4.2}{The\040Role\040of\040Benchmark\040Datasets\040in\040ESG\040NLP}{section.2.4}% 32
\BOOKMARK [2][-]{subsection.2.4.3}{Technical\040Requirements\040for\040Benchmark\040Design}{section.2.4}% 33
\BOOKMARK [2][-]{subsection.2.4.4}{Table:\040State-of-the-Art\040in\040ESG\040Benchmark\040Design}{section.2.4}% 34
\BOOKMARK [0][-]{chapter.3}{Methodology}{}% 35
\BOOKMARK [1][-]{section.3.1}{Research\040Design\040and\040Methodological\040Overview}{chapter.3}% 36
\BOOKMARK [2][-]{subsection.3.1.1}{System\040Architecture}{section.3.1}% 37
\BOOKMARK [2][-]{subsection.3.1.2}{Design\040Principles}{section.3.1}% 38
\BOOKMARK [1][-]{section.3.2}{Data\040Sources}{chapter.3}% 39
\BOOKMARK [2][-]{subsection.3.2.1}{Technical\040Characteristics\040and\040Sampling}{section.3.2}% 40
\BOOKMARK [2][-]{subsection.3.2.2}{Inclusion,\040Exclusion,\040and\040Evidence-Layer\040Boundaries}{section.3.2}% 41
\BOOKMARK [2][-]{subsection.3.2.3}{Ethics,\040Bias,\040and\040Data\040Limitations}{section.3.2}% 42
\BOOKMARK [1][-]{section.3.3}{Data\040Collection\040and\040Preprocessing\040Pipeline}{chapter.3}% 43
\BOOKMARK [2][-]{subsection.3.3.1}{OCR\040Expansion\040and\040First-Stage\040Extraction}{section.3.3}% 44
\BOOKMARK [2][-]{subsection.3.3.2}{Table\040Extraction\040and\040Quantitative\040Evidence\040Preservation}{section.3.3}% 45
\BOOKMARK [2][-]{subsection.3.3.3}{Standardization,\040Storage,\040and\040Tooling}{section.3.3}% 46
\BOOKMARK [2][-]{subsection.3.3.4}{Conversion\040into\040Structured\040ESG\040Records}{section.3.3}% 47
\BOOKMARK [2][-]{subsection.3.3.5}{Alignment\040and\040Synchronization}{section.3.3}% 48
\BOOKMARK [2][-]{subsection.3.3.6}{Preprocessing\040Quality\040Checks}{section.3.3}% 49
\BOOKMARK [1][-]{section.3.4}{Feature\040Extraction\040and\040Representation\040Learning}{chapter.3}% 50
\BOOKMARK [2][-]{subsection.3.4.1}{Overall\040Feature\040Strategy}{section.3.4}% 51
\BOOKMARK [2][-]{subsection.3.4.2}{Rule-Based\040Lexical\040Features}{section.3.4}% 52
\BOOKMARK [2][-]{subsection.3.4.3}{Classical\040Sparse\040Text\040Features}{section.3.4}% 53
\BOOKMARK [2][-]{subsection.3.4.4}{Contextual\040and\040Hybrid\040Representations}{section.3.4}% 54
\BOOKMARK [2][-]{subsection.3.4.5}{Ontology-Based\040Feature\040Enhancement}{section.3.4}% 55
\BOOKMARK [1][-]{section.3.5}{Proposed\040Framework}{chapter.3}% 56
\BOOKMARK [2][-]{subsection.3.5.1}{Framework\0401:\040LLM-Centered\040ESG\040Record\040Generation}{section.3.5}% 57
\BOOKMARK [2][-]{subsection.3.5.2}{Framework\0402:\040Benchmarking,\040Comparison,\040and\040Evidence\040Scoring}{section.3.5}% 58
\BOOKMARK [2][-]{subsection.3.5.3}{Inference\040and\040Output\040Mapping}{section.3.5}% 59
\BOOKMARK [1][-]{section.3.6}{Ground\040Truth,\040Weak\040Labels,\040and\040Evaluation\040Reference}{chapter.3}% 60
\BOOKMARK [2][-]{subsection.3.6.1}{Why\040a\040Special\040Reference\040Construction\040Process\040Is\040Needed}{section.3.6}% 61
\BOOKMARK [2][-]{subsection.3.6.2}{Reference\040Generation\040Procedure}{section.3.6}% 62
\BOOKMARK [2][-]{subsection.3.6.3}{Validation,\040Constraints,\040and\040Current\040Limitations}{section.3.6}% 63
\BOOKMARK [1][-]{section.3.7}{Threats\040to\040Validity\040and\040Reproducibility\040Boundaries}{chapter.3}% 64
\BOOKMARK [1][-]{section.3.8}{Summary}{chapter.3}% 65
\BOOKMARK [0][-]{chapter.4}{Experiments}{}% 66
\BOOKMARK [1][-]{section.4.1}{Experimental\040Scope\040and\040Protocol}{chapter.4}% 67
\BOOKMARK [2][-]{subsection.4.1.1}{Experimental\040Objective\040and\040Tested\040Methods}{section.4.1}% 68
\BOOKMARK [2][-]{subsection.4.1.2}{Configuration,\040Infrastructure,\040and\040Reproducibility}{section.4.1}% 69
\BOOKMARK [2][-]{subsection.4.1.3}{Evaluation\040Boundaries\040and\040Comparison\040Conditions}{section.4.1}% 70
\BOOKMARK [1][-]{section.4.2}{Evaluation\040Metrics}{chapter.4}% 71
\BOOKMARK [2][-]{subsection.4.2.1}{Primary\040Metrics}{section.4.2}% 72
\BOOKMARK [2][-]{subsection.4.2.2}{Secondary\040and\040Complementary\040Metrics}{section.4.2}% 73
\BOOKMARK [2][-]{subsection.4.2.3}{Local-Language\040Baseline\040Condition}{section.4.2}% 74
\BOOKMARK [1][-]{section.4.3}{Experimental\040Results}{chapter.4}% 75
\BOOKMARK [2][-]{subsection.4.3.1}{RQ1:\040ESG\040ABSA\040Schema}{section.4.3}% 76
\BOOKMARK [2][-]{subsection.4.3.2}{RQ2:\040Tone\040vs.\040Climate-Specific\040Models}{section.4.3}% 77
\BOOKMARK [2][-]{subsection.4.3.3}{RQ3:\040Pipeline\040Diagnostics}{section.4.3}% 78
\BOOKMARK [2][-]{subsection.4.3.4}{Quantitative\040Table\040Evidence\040as\040an\040Experimental\040Boundary}{section.4.3}% 79
\BOOKMARK [2][-]{subsection.4.3.5}{RQ4:\040Stability\040and\040Reproducibility}{section.4.3}% 80
\BOOKMARK [1][-]{section.4.4}{Explainability\040Outputs}{chapter.4}% 81
\BOOKMARK [1][-]{section.4.5}{Validation\040of\040Reference\040Data\040and\040Pilot\040Reference\040Layer}{chapter.4}% 82
\BOOKMARK [1][-]{section.4.6}{Comparative\040Component\040Analysis}{chapter.4}% 83
\BOOKMARK [1][-]{section.4.7}{Chapter\040Synthesis}{chapter.4}% 84
\BOOKMARK [0][-]{chapter.5}{Discussion}{}% 85
\BOOKMARK [1][-]{section.5.1}{Key\040Findings\040and\040Synthesis}{chapter.5}% 86
\BOOKMARK [2][-]{subsection.5.1.1}{Main\040Findings\040and\040Their\040Meaning}{section.5.1}% 87
\BOOKMARK [2][-]{subsection.5.1.2}{Deeper\040Patterns\040and\040Research\040Question\040Mapping}{section.5.1}% 88
\BOOKMARK [1][-]{section.5.2}{Research\040Question\040Resolution}{chapter.5}% 89
\BOOKMARK [2][-]{subsection.5.2.1}{Resolution\040of\040RQ1\040and\040RQ2}{section.5.2}% 90
\BOOKMARK [2][-]{subsection.5.2.2}{Resolution\040of\040RQ3\040and\040RQ4}{section.5.2}% 91
\BOOKMARK [1][-]{section.5.3}{Limitations}{chapter.5}% 92
\BOOKMARK [1][-]{section.5.4}{Future\040Work}{chapter.5}% 93
\BOOKMARK [2][-]{subsection.5.4.1}{Immediate\040Technical\040Extensions}{section.5.4}% 94
\BOOKMARK [2][-]{subsection.5.4.2}{Long-Term\040Research\040Roadmap}{section.5.4}% 95
\BOOKMARK [1][-]{section.5.5}{Broader\040Impact}{chapter.5}% 96
\BOOKMARK [2][-]{subsection.5.5.1}{Practical\040and\040Societal\040Benefits}{section.5.5}% 97
\BOOKMARK [2][-]{subsection.5.5.2}{Ethical\040Risks,\040Bias,\040and\040Responsible\040Use}{section.5.5}% 98
\BOOKMARK [0][-]{chapter.6}{Conclusion}{}% 99
\BOOKMARK [0][-]{chapter.7}{References}{}% 100
\BOOKMARK [0][-]{chapter.8}{Appendices}{}% 101
\BOOKMARK [1][-]{section.8.1}{Appendix\040Contents}{chapter.8}% 102
\BOOKMARK [1][-]{section.8.2}{Tone-Label\040Definitions}{chapter.8}% 103
\BOOKMARK [1][-]{section.8.3}{Reproducibility\040Notes}{chapter.8}% 104
\BOOKMARK [1][-]{section.8.4}{End-to-End\040User\040Workflow\040Diagram}{chapter.8}% 105
\BOOKMARK [2][-]{subsection.8.4.1}{Workflow\040Summary}{section.8.4}% 106
\BOOKMARK [2][-]{subsection.8.4.2}{Mermaid\040Sequence\040Diagram}{section.8.4}% 107
\BOOKMARK [2][-]{subsection.8.4.3}{LaTeX\040Figure\040Version}{section.8.4}% 108
\BOOKMARK [2][-]{subsection.8.4.4}{Interpretation}{section.8.4}% 109
\BOOKMARK [2][-]{subsection.8.4.5}{Tone-Prompt\040Family\040Visualization\040and\040Prompt\040Reasoning}{section.8.4}% 110
\BOOKMARK [1][-]{section.8.5}{JSON\040Data\040Examples}{chapter.8}% 111
\BOOKMARK [2][-]{subsection.8.5.1}{OCR\040Output\040JSON}{section.8.5}% 112
\BOOKMARK [2][-]{subsection.8.5.2}{ESG\040Extraction\040Run\040JSON}{section.8.5}% 113
\BOOKMARK [2][-]{subsection.8.5.3}{ClimateBERT\040Result\040JSON}{section.8.5}% 114
\BOOKMARK [2][-]{subsection.8.5.4}{Other\040JSON\040Families\040Used\040by\040the\040Repository}{section.8.5}% 115
