
==================================================
Timestamp: 2026-03-19T13:17:23.403312
Input Text: BRI demonstrates a strong commitment to stakeholder engagement
as part of its adherence to human rights principles. In alignment with
the UN Global Compact (UNGC) Principles, BRI supports and respects
internationally proclaimed human rights (Principle 1) and ensures that its
business operations are not complicit in human rights abuses (Principle
2). Stakeholder engagement is central to identifying opportunities and
risks and establishing preventive and mitigation measures for potential
impacts.
To assess the effects of its operations and business activities on
stakeholders, BRI utilizes a multi-faceted approach, including surveys,
media analysis, policy reviews, investor concerns, and ESG Rating
assessments. This approach helps identify and manage material issues
that influence BRI's sustainability efforts.
In materiality assessments, stakeholder engagement is not a
supplementary factor but an integral part of the process. BRI highly
values the aspirations and insights of its stakeholders. To gain a deeper
understanding, BRI distributes materiality questionnaires to key
stakeholder groups, including customers, the Board of Management,
employees, suppliers, and non-profit organizations (NGOs). This
process ensures that stakeholder perspectives and feedback are
comprehensively captured.
Error: The read operation timed out

==================================================
Timestamp: 2026-03-19T13:18:59.614070
Input Text: BRI demonstrates a strong commitment to stakeholder engagement
as part of its adherence to human rights principles. In alignment with
the UN Global Compact (UNGC) Principles, 
Error: The read operation timed out
